
Allocating common symbols
Common symbol       size              file

xx1                 0x4               main.o
yy1                 0x4               main.o
xx0                 0x4               main.o
yy0                 0x4               main.o
stack_foo           0x4               main.o
g_heap              0x4               lib/malloc.o

Discarded input sections

 .drectve       0x00000000       0x6c main.o
 .drectve       0x00000000       0x18 lib/malloc.o

Memory Configuration

Name             Origin             Length             Attributes
*default*        0x00000000         0xffffffff

Linker script and memory map

                0x00400000                __image_base__ = 0x400000
                0x00000000                __dll__ = 0x0
                0x00400000                ___ImageBase = 0x400000
                0x00001000                __section_alignment__ = 0x1000
                0x00000200                __file_alignment__ = 0x200
                0x00000004                __major_os_version__ = 0x4
                0x00000000                __minor_os_version__ = 0x0
                0x00000001                __major_image_version__ = 0x1
                0x00000000                __minor_image_version__ = 0x0
                0x00000004                __major_subsystem_version__ = 0x4
                0x00000000                __minor_subsystem_version__ = 0x0
                0x00000003                __subsystem__ = 0x3
                0x00200000                __size_of_stack_reserve__ = 0x200000
                0x00001000                __size_of_stack_commit__ = 0x1000
                0x00100000                __size_of_heap_reserve__ = 0x100000
                0x00001000                __size_of_heap_commit__ = 0x1000
                0x00000000                __loader_flags__ = 0x0
                0x00000000                __dll_characteristics__ = 0x0
LOAD lib/crt0.o
LOAD lib/setjmp.o
LOAD lib/syscall-wrapper.o
LOAD vm86call.o
LOAD graphics.o
LOAD main.o
LOAD Line.o
LOAD lib/sysconf.o
LOAD lib/math.o
LOAD lib/stdio.o
LOAD lib/stdlib.o
LOAD lib/qsort.o
LOAD ../lib/softfloat.o
LOAD ../lib/string.o
LOAD ../lib/memcpy.o
LOAD ../lib/memset.o
LOAD ../lib/snprintf.o
LOAD lib/malloc.o
LOAD ../lib/tlsf/tlsf.o
                0x00000380                . = SIZEOF_HEADERS
                0x00001000                . = ALIGN (__section_alignment__)

.text           0x00401000     0x5600
 *(.init)
 *(.text)
 .text          0x00401000        0x8 lib/crt0.o
                0x00401000                start
 .text          0x00401008       0x38 lib/setjmp.o
                0x00401008                setjmp
                0x00401022                longjmp
 .text          0x00401040       0xa8 lib/syscall-wrapper.o
                0x00401040                task_exit
                0x00401048                task_create
                0x00401050                task_getid
                0x00401058                task_yield
                0x00401060                task_wait
                0x00401068                reboot
                0x00401070                mmap
                0x00401078                munmap
                0x00401080                sleep
                0x00401088                nanosleep
                0x00401090                beep
                0x00401098                vm86
                0x004010a0                putchar
                0x004010a8                getchar
                0x004010b0                recv
                0x004010b8                send
                0x004010c0                ioctl
                0x004010c8                time
                0x004010d0                getpriority
                0x004010d8                setpriority
                0x004010e0                DDAline
 .text          0x004010e8      0x13c vm86call.o
                0x004010e8                vm86call
 .text          0x00401224      0xb84 graphics.o
                0x004013fc                list_graphic_modes
                0x00401600                init_graphic
                0x00401944                exit_graphic
                0x00401970                setPixel
                0x00401c60                line
 .text          0x00401da8       0xa4 main.o
                0x00401da8                my_swap
                0x00401dbc                __main
                0x00401e0c                msleep
 .text          0x00401e4c     0x1554 Line.o
                0x00401e4c                DDAline2
                0x00401f6c                Bresenham
                0x004020d8                Mid_line
                0x00402160                Mid_line1
                0x00402340                Line_Midpoint
                0x00402494                input
                0x0040269c                test3
                0x00402af8                test2
                0x00402f44                test1
 .text          0x004033a0       0x18 lib/sysconf.o
                0x004033a0                sysconf
 .text          0x004033b8      0x1d0 lib/math.o
                0x004033b8                fabs
                0x004033cc                floor
                0x00403414                ceil
                0x00403470                sin
                0x00403478                cos
                0x00403480                sqrt
                0x00403488                log2
                0x00403498                atan2
                0x004034a8                tan
                0x004034b4                cot
                0x004034c0                pow
                0x00403530                exp
                0x00403574                log
 .text          0x00403588      0x18c lib/stdio.o
                0x00403588                printf
                0x004035e0                fprintf
                0x00403638                vprintf
                0x00403690                vfprintf
                0x004036a4                vsprintf
                0x004036d0                sprintf
                0x004036fc                fputc
 .text          0x00403714      0x658 lib/stdlib.o
                0x00403714                exit
                0x0040371c                ldiv
                0x00403738                div
                0x00403754                rand_r
                0x004037f4                rand
                0x004038b0                srand
                0x004038bc                strtol
                0x00403adc                strtoul
                0x00403d48                atol
 .text          0x00403d6c      0x840 lib/qsort.o
                0x00403d6c                qsort
 .text          0x004045ac      0x204 ../lib/softfloat.o
                0x004045ac                __udivmoddi4
                0x00404664                __divdi3
                0x004046cc                __moddi3
                0x00404740                __udivdi3
                0x00404774                __umoddi3
 .text          0x004047b0      0x2a0 ../lib/string.o
                0x004047b0                memcmp
                0x004047d8                memmove
                0x00404828                memchr
                0x00404850                strcat
                0x00404874                strcmp
                0x004048a0                strncmp
                0x004048ec                strchr
                0x00404910                strrchr
                0x00404934                strstr
                0x004049d4                strcpy
                0x004049f4                strlen
                0x00404a0c                strncpy
 .text          0x00404a50      0x530 ../lib/memcpy.o
                0x00404a50                memcpy
 .text          0x00404f80       0x9c ../lib/memset.o
                0x00404f80                memset
 .text          0x0040501c      0x940 ../lib/snprintf.o
                0x0040526c                vsnprintf
                0x00405924                snprintf
 .text          0x0040595c       0x90 lib/malloc.o
                0x0040595c                malloc
                0x00405978                calloc
                0x00405988                memalign
                0x004059ac                realloc
                0x004059d0                free
 .text          0x004059ec      0x9b4 ../lib/tlsf/tlsf.o
                0x00405d68                tlsf_check
                0x00405e6c                tlsf_walk_pool
                0x00405ed8                tlsf_block_size
                0x00405eec                tlsf_check_pool
                0x00405f24                tlsf_size
                0x00405f2c                tlsf_align_size
                0x00405f34                tlsf_block_size_min
                0x00405f3c                tlsf_block_size_max
                0x00405f44                tlsf_pool_overhead
                0x00405f4c                tlsf_alloc_overhead
                0x00405f54                tlsf_add_pool
                0x00405fa4                tlsf_remove_pool
                0x00405fec                tlsf_create
                0x00406038                tlsf_create_with_pool
                0x004060b4                tlsf_destroy
                0x004060b8                tlsf_get_pool
                0x004060c4                tlsf_malloc
                0x004060f0                tlsf_memalign
                0x004061d0                tlsf_free
                0x00406244                tlsf_realloc
 *(SORT(.text$*))
 *(.text.*)
 .text.startup  0x004063a0       0x64 main.o
                0x004063a0                main
 *(.gnu.linkonce.t.*)
 *(.glue_7t)
 *(.glue_7)
                0x00406404                ___CTOR_LIST__ = .
                0x00406404                __CTOR_LIST__ = .
                0x00406404        0x4 LONG 0xffffffff
 *(.ctors)
 *(.ctor)
 *(SORT(.ctors.*))
                0x00406408        0x4 LONG 0x0
                0x0040640c                ___DTOR_LIST__ = .
                0x0040640c                __DTOR_LIST__ = .
                0x0040640c        0x4 LONG 0xffffffff
 *(.dtors)
 *(.dtor)
 *(SORT(.dtors.*))
                0x00406410        0x4 LONG 0x0
 *(.fini)
 *(.gcc_exc)
                0x00406414                PROVIDE (etext, .)
 *(.gcc_except_table)

.data           0x00407000      0x200
                0x00407000                __data_start__ = .
 *(.data)
 .data          0x00407000        0x0 lib/crt0.o
 .data          0x00407000        0x0 lib/setjmp.o
 .data          0x00407000        0x0 lib/syscall-wrapper.o
 .data          0x00407000        0x0 vm86call.o
 .data          0x00407000        0x4 graphics.o
 .data          0x00407004        0x4 main.o
                0x00407004                stack_size
 .data          0x00407008        0x0 Line.o
 .data          0x00407008        0x0 lib/sysconf.o
 .data          0x00407008        0x0 lib/math.o
 .data          0x00407008        0x0 lib/stdio.o
 .data          0x00407008        0x4 lib/stdlib.o
 .data          0x0040700c        0x0 lib/qsort.o
 .data          0x0040700c        0x0 ../lib/softfloat.o
 .data          0x0040700c        0x0 ../lib/string.o
 .data          0x0040700c        0x0 ../lib/memcpy.o
 .data          0x0040700c        0x0 ../lib/memset.o
 .data          0x0040700c        0x0 ../lib/snprintf.o
 .data          0x0040700c        0x0 lib/malloc.o
 .data          0x0040700c        0x0 ../lib/tlsf/tlsf.o
 *(.data2)
 *(SORT(.data$*))
 *(.jcr)
                0x0040700c                __data_end__ = .
 *(.data_cygwin_nocopy)

.rdata          0x00408000      0x600
 *(.rdata)
 .rdata         0x00408000       0x2c vm86call.o
 .rdata         0x0040802c      0x260 graphics.o
 .rdata         0x0040828c        0xc main.o
 .rdata         0x00408298       0x24 Line.o
 *fill*         0x004082bc        0x4 
 .rdata         0x004082c0        0x8 lib/math.o
 .rdata         0x004082c8       0x20 ../lib/memcpy.o
 .rdata         0x004082e8      0x1dc ../lib/snprintf.o
 *(SORT(.rdata$*))
                0x004084c4                __rt_psrelocs_start = .
 *(.rdata_runtime_pseudo_reloc)
                0x004084c4                __rt_psrelocs_end = .
                0x00000000                __rt_psrelocs_size = (__rt_psrelocs_end - __rt_psrelocs_start)
                0x004084c4                ___RUNTIME_PSEUDO_RELOC_LIST_END__ = .
                0x004084c4                __RUNTIME_PSEUDO_RELOC_LIST_END__ = .
                0x004084c4                ___RUNTIME_PSEUDO_RELOC_LIST__ = (. - __rt_psrelocs_size)
                0x004084c4                __RUNTIME_PSEUDO_RELOC_LIST__ = (. - __rt_psrelocs_size)

.eh_frame       0x00409000     0x1400
 *(.eh_frame*)
 .eh_frame      0x00409000       0x70 vm86call.o
 .eh_frame      0x00409070      0x1d4 graphics.o
 .eh_frame      0x00409244       0x84 main.o
 .eh_frame      0x004092c8      0x254 Line.o
 .eh_frame      0x0040951c       0x2c lib/sysconf.o
 .eh_frame      0x00409548      0x150 lib/math.o
 .eh_frame      0x00409698      0x118 lib/stdio.o
 .eh_frame      0x004097b0      0x190 lib/stdlib.o
 .eh_frame      0x00409940       0x70 lib/qsort.o
 .eh_frame      0x004099b0      0x108 ../lib/softfloat.o
 .eh_frame      0x00409ab8      0x1f8 ../lib/string.o
 .eh_frame      0x00409cb0       0x70 ../lib/memcpy.o
 .eh_frame      0x00409d20       0x64 ../lib/memset.o
 .eh_frame      0x00409d84       0xb8 ../lib/snprintf.o
 .eh_frame      0x00409e3c       0x8c lib/malloc.o
 .eh_frame      0x00409ec8      0x4f4 ../lib/tlsf/tlsf.o

.pdata
 *(.pdata)

.bss            0x0040b000      0x358
                0x0040b000                __bss_start__ = .
 *(.bss)
 .bss           0x0040b000        0x0 lib/crt0.o
 .bss           0x0040b000        0x0 lib/setjmp.o
 .bss           0x0040b000        0x0 lib/syscall-wrapper.o
 .bss           0x0040b000        0x0 vm86call.o
 .bss           0x0040b000      0x340 graphics.o
                0x0040b000                g_graphic_dev
 .bss           0x0040b340        0x0 main.o
 .bss           0x0040b340        0x0 Line.o
 .bss           0x0040b340        0x0 lib/sysconf.o
 .bss           0x0040b340        0x0 lib/math.o
 .bss           0x0040b340        0x0 lib/stdio.o
 .bss           0x0040b340        0x0 lib/stdlib.o
 .bss           0x0040b340        0x0 lib/qsort.o
 .bss           0x0040b340        0x0 ../lib/softfloat.o
 .bss           0x0040b340        0x0 ../lib/string.o
 .bss           0x0040b340        0x0 ../lib/memcpy.o
 .bss           0x0040b340        0x0 ../lib/memset.o
 .bss           0x0040b340        0x0 ../lib/snprintf.o
 .bss           0x0040b340        0x0 lib/malloc.o
 .bss           0x0040b340        0x0 ../lib/tlsf/tlsf.o
 *(COMMON)
 COMMON         0x0040b340       0x14 main.o
                0x0040b340                xx1
                0x0040b344                yy1
                0x0040b348                xx0
                0x0040b34c                yy0
                0x0040b350                stack_foo
 COMMON         0x0040b354        0x4 lib/malloc.o
                0x0040b354                g_heap
                0x0040b358                __bss_end__ = .

.edata
 *(.edata)

/DISCARD/
 *(.debug$S)
 *(.debug$T)
 *(.debug$F)
 *(.drectve)
 *(.note.GNU-stack)
 *(.gnu.lto_*)

.idata          0x0040c000      0x200
 SORT(*)(.idata$2)
 SORT(*)(.idata$3)
                0x0040c000        0x4 LONG 0x0
                0x0040c004        0x4 LONG 0x0
                0x0040c008        0x4 LONG 0x0
                0x0040c00c        0x4 LONG 0x0
                0x0040c010        0x4 LONG 0x0
 SORT(*)(.idata$4)
                0x0040c014                __IAT_start__ = .
 SORT(*)(.idata$5)
                0x0040c014                __IAT_end__ = .
 SORT(*)(.idata$6)
 SORT(*)(.idata$7)

.CRT            0x0040d000        0x0
                0x0040d000                ___crt_xc_start__ = .
 *(SORT(.CRT$XC*))
                0x0040d000                ___crt_xc_end__ = .
                0x0040d000                ___crt_xi_start__ = .
 *(SORT(.CRT$XI*))
                0x0040d000                ___crt_xi_end__ = .
                0x0040d000                ___crt_xl_start__ = .
 *(SORT(.CRT$XL*))
                0x0040d000                ___crt_xp_start__ = .
 *(SORT(.CRT$XP*))
                0x0040d000                ___crt_xp_end__ = .
                0x0040d000                ___crt_xt_start__ = .
 *(SORT(.CRT$XT*))
                0x0040d000                ___crt_xt_end__ = .

.tls            0x0040d000        0x0
                0x0040d000                ___tls_start__ = .
 *(.tls)
 *(.tls$)
 *(SORT(.tls$*))
                0x0040d000                ___tls_end__ = .

.endjunk        0x0040d000        0x0
                0x0040d000                PROVIDE (end, .)
                0x0040d000                PROVIDE (_end, .)
                0x0040d000                __end__ = .

.rsrc
 *(.rsrc)
 *(SORT(.rsrc$*))

.reloc
 *(.reloc)

.stab
 *(.stab)

.stabstr
 *(.stabstr)

.debug_aranges  0x0040d000      0x400
 *(.debug_aranges)
 .debug_aranges
                0x0040d000       0x20 vm86call.o
 .debug_aranges
                0x0040d020       0x20 graphics.o
 .debug_aranges
                0x0040d040       0x28 main.o
 .debug_aranges
                0x0040d068       0x20 Line.o
 .debug_aranges
                0x0040d088       0x20 lib/sysconf.o
 .debug_aranges
                0x0040d0a8       0x20 lib/math.o
 .debug_aranges
                0x0040d0c8       0x20 lib/stdio.o
 .debug_aranges
                0x0040d0e8       0x20 lib/stdlib.o
 .debug_aranges
                0x0040d108       0x20 lib/qsort.o
 .debug_aranges
                0x0040d128       0x20 ../lib/softfloat.o
 .debug_aranges
                0x0040d148       0x20 ../lib/string.o
 .debug_aranges
                0x0040d168       0x20 ../lib/memcpy.o
 .debug_aranges
                0x0040d188       0x20 ../lib/memset.o
 .debug_aranges
                0x0040d1a8       0x20 ../lib/snprintf.o
 .debug_aranges
                0x0040d1c8       0x20 lib/malloc.o
 .debug_aranges
                0x0040d1e8       0x20 ../lib/tlsf/tlsf.o

.debug_pubnames
 *(.debug_pubnames)

.debug_pubtypes
 *(.debug_pubtypes)

.debug_info     0x0040e000     0x9000
 *(.debug_info .gnu.linkonce.wi.*)
 .debug_info    0x0040e000      0x34c vm86call.o
 .debug_info    0x0040e34c     0x12bf graphics.o
 .debug_info    0x0040f60b      0x4de main.o
 .debug_info    0x0040fae9      0xe3b Line.o
 .debug_info    0x00410924       0x8f lib/sysconf.o
 .debug_info    0x004109b3      0x3cd lib/math.o
 .debug_info    0x00410d80      0x551 lib/stdio.o
 .debug_info    0x004112d1      0x6f6 lib/stdlib.o
 .debug_info    0x004119c7      0xe07 lib/qsort.o
 .debug_info    0x004127ce      0x359 ../lib/softfloat.o
 .debug_info    0x00412b27      0x5a1 ../lib/string.o
 .debug_info    0x004130c8      0x2d4 ../lib/memcpy.o
 .debug_info    0x0041339c      0x18e ../lib/memset.o
 .debug_info    0x0041352a      0x9b3 ../lib/snprintf.o
 .debug_info    0x00413edd      0x2e4 lib/malloc.o
 .debug_info    0x004141c1     0x2c7b ../lib/tlsf/tlsf.o

.debug_abbrev   0x00417000     0x1a00
 *(.debug_abbrev)
 .debug_abbrev  0x00417000      0x102 vm86call.o
 .debug_abbrev  0x00417102      0x319 graphics.o
 .debug_abbrev  0x0041741b      0x1aa main.o
 .debug_abbrev  0x004175c5      0x1d9 Line.o
 .debug_abbrev  0x0041779e       0x4a lib/sysconf.o
 .debug_abbrev  0x004177e8      0x10b lib/math.o
 .debug_abbrev  0x004178f3      0x169 lib/stdio.o
 .debug_abbrev  0x00417a5c      0x219 lib/stdlib.o
 .debug_abbrev  0x00417c75      0x1c1 lib/qsort.o
 .debug_abbrev  0x00417e36      0x131 ../lib/softfloat.o
 .debug_abbrev  0x00417f67      0x17d ../lib/string.o
 .debug_abbrev  0x004180e4       0xab ../lib/memcpy.o
 .debug_abbrev  0x0041818f       0x85 ../lib/memset.o
 .debug_abbrev  0x00418214      0x226 ../lib/snprintf.o
 .debug_abbrev  0x0041843a      0x106 lib/malloc.o
 .debug_abbrev  0x00418540      0x4b6 ../lib/tlsf/tlsf.o

.debug_line     0x00419000     0x1a00
 *(.debug_line)
 .debug_line    0x00419000       0xa3 vm86call.o
 .debug_line    0x004190a3      0x2c1 graphics.o
 .debug_line    0x00419364       0xd2 main.o
 .debug_line    0x00419436      0x2d2 Line.o
 .debug_line    0x00419708       0x3d lib/sysconf.o
 .debug_line    0x00419745       0x8b lib/math.o
 .debug_line    0x004197d0       0xd7 lib/stdio.o
 .debug_line    0x004198a7      0x210 lib/stdlib.o
 .debug_line    0x00419ab7      0x229 lib/qsort.o
 .debug_line    0x00419ce0       0xaa ../lib/softfloat.o
 .debug_line    0x00419d8a      0x120 ../lib/string.o
 .debug_line    0x00419eaa      0x165 ../lib/memcpy.o
 .debug_line    0x0041a00f       0xbf ../lib/memset.o
 .debug_line    0x0041a0ce      0x296 ../lib/snprintf.o
 .debug_line    0x0041a364       0x86 lib/malloc.o
 .debug_line    0x0041a3ea      0x454 ../lib/tlsf/tlsf.o

.debug_frame
 *(.debug_frame*)

.debug_str      0x0041b000      0x200
 *(.debug_str)
 .debug_str     0x0041b000       0x5a graphics.o
 .debug_str     0x0041b05a        0xe Line.o
 .debug_str     0x0041b068        0x5 lib/stdio.o
 .debug_str     0x0041b06d        0x9 lib/qsort.o
 .debug_str     0x0041b076       0x17 ../lib/memcpy.o
 .debug_str     0x0041b08d       0x16 ../lib/snprintf.o
 .debug_str     0x0041b0a3        0x6 lib/malloc.o
 .debug_str     0x0041b0a9       0x6e ../lib/tlsf/tlsf.o

.debug_loc      0x0041c000     0x9a00
 *(.debug_loc)
 .debug_loc     0x0041c000      0x230 vm86call.o
 .debug_loc     0x0041c230      0xa06 graphics.o
 .debug_loc     0x0041cc36       0xcf main.o
 .debug_loc     0x0041cd05      0xfa7 Line.o
 .debug_loc     0x0041dcac      0x274 lib/math.o
 .debug_loc     0x0041df20      0x338 lib/stdio.o
 .debug_loc     0x0041e258      0xd4d lib/stdlib.o
 .debug_loc     0x0041efa5     0x16cc lib/qsort.o
 .debug_loc     0x00420671      0x514 ../lib/softfloat.o
 .debug_loc     0x00420b85      0x9e4 ../lib/string.o
 .debug_loc     0x00421569      0x979 ../lib/memcpy.o
 .debug_loc     0x00421ee2      0x23e ../lib/memset.o
 .debug_loc     0x00422120     0x1562 ../lib/snprintf.o
 .debug_loc     0x00423682       0xb0 lib/malloc.o
 .debug_loc     0x00423732     0x21b5 ../lib/tlsf/tlsf.o

.debug_macinfo
 *(.debug_macinfo)

.debug_weaknames
 *(.debug_weaknames)

.debug_funcnames
 *(.debug_funcnames)

.debug_typenames
 *(.debug_typenames)

.debug_varnames
 *(.debug_varnames)

.debug_macro
 *(.debug_macro)

.debug_ranges   0x00426000      0x800
 *(.debug_ranges)
 .debug_ranges  0x00426000       0xd8 graphics.o
 .debug_ranges  0x004260d8       0x18 main.o
 .debug_ranges  0x004260f0       0x78 Line.o
 .debug_ranges  0x00426168       0xb0 lib/stdlib.o
 .debug_ranges  0x00426218      0x298 lib/qsort.o
 .debug_ranges  0x004264b0       0x30 ../lib/softfloat.o
 .debug_ranges  0x004264e0       0x40 ../lib/string.o
 .debug_ranges  0x00426520       0x48 ../lib/memcpy.o
 .debug_ranges  0x00426568       0xa0 ../lib/snprintf.o
 .debug_ranges  0x00426608      0x1d8 ../lib/tlsf/tlsf.o

.debug_types
 *(.debug_types .gnu.linkonce.wt.*)
OUTPUT(a.out pei-i386)
