
Allocating common symbols
Common symbol       size              file

array_length0       0x4               Fill.o
Line_y02            0x4               cut_line.o
ellipse_xx0         0x4               main.o
xx1                 0x4               main.o
yy1                 0x4               main.o
cir_r               0x4               main.o
ellipse_b           0x4               main.o
point_array1        0xa0              Fill.o
array1_length       0x4               Fill.o
AET                 0x4               My_Edge.o
NET                 0xfa0             My_Edge.o
XR                  0x4               cut_line.o
Line_x01            0x4               cut_line.o
xx0                 0x4               main.o
yy0                 0x4               main.o
cir_yy0             0x4               main.o
stack_foo           0x4               main.o
ellipse_yy0         0x4               main.o
Line_x02            0x4               cut_line.o
YT                  0x4               cut_line.o
Line_y01            0x4               cut_line.o
cir_xx0             0x4               main.o
XL                  0x4               cut_line.o
YB                  0x4               cut_line.o
g_heap              0x4               lib/malloc.o
graph1              0x1db9c4          Fill.o
ellipse_a           0x4               main.o

Discarded input sections

 .drectve       0x00000000      0x11c main.o
 .drectve       0x00000000       0x28 My_Edge.o
 .drectve       0x00000000       0x98 Fill.o
 .drectve       0x00000000       0xb0 cut_line.o
 .drectve       0x00000000       0x18 lib/malloc.o

Memory Configuration

Name             Origin             Length             Attributes
*default*        0x00000000         0xffffffff

Linker script and memory map

                0x00400000                __image_base__ = 0x400000
                0x00000000                __dll__ = 0x0
                0x00400000                ___ImageBase = 0x400000
                0x00001000                __section_alignment__ = 0x1000
                0x00000200                __file_alignment__ = 0x200
                0x00000004                __major_os_version__ = 0x4
                0x00000000                __minor_os_version__ = 0x0
                0x00000001                __major_image_version__ = 0x1
                0x00000000                __minor_image_version__ = 0x0
                0x00000004                __major_subsystem_version__ = 0x4
                0x00000000                __minor_subsystem_version__ = 0x0
                0x00000003                __subsystem__ = 0x3
                0x00200000                __size_of_stack_reserve__ = 0x200000
                0x00001000                __size_of_stack_commit__ = 0x1000
                0x00100000                __size_of_heap_reserve__ = 0x100000
                0x00001000                __size_of_heap_commit__ = 0x1000
                0x00000000                __loader_flags__ = 0x0
                0x00000000                __dll_characteristics__ = 0x0
LOAD lib/crt0.o
LOAD lib/setjmp.o
LOAD lib/syscall-wrapper.o
LOAD vm86call.o
LOAD graphics.o
LOAD main.o
LOAD Line.o
LOAD Circle.o
LOAD font_8x16.o
LOAD ellipse.o
LOAD My_Edge.o
LOAD Fill.o
LOAD cut_line.o
LOAD lib/sysconf.o
LOAD lib/math.o
LOAD lib/stdio.o
LOAD lib/stdlib.o
LOAD lib/qsort.o
LOAD ../lib/softfloat.o
LOAD ../lib/string.o
LOAD ../lib/memcpy.o
LOAD ../lib/memset.o
LOAD ../lib/snprintf.o
LOAD lib/malloc.o
LOAD ../lib/tlsf/tlsf.o
                0x00000380                . = SIZEOF_HEADERS
                0x00001000                . = ALIGN (__section_alignment__)

.text           0x00401000     0x8a00
 *(.init)
 *(.text)
 .text          0x00401000        0x8 lib/crt0.o
                0x00401000                start
 .text          0x00401008       0x38 lib/setjmp.o
                0x00401008                setjmp
                0x00401022                longjmp
 .text          0x00401040       0xa8 lib/syscall-wrapper.o
                0x00401040                task_exit
                0x00401048                task_create
                0x00401050                task_getid
                0x00401058                task_yield
                0x00401060                task_wait
                0x00401068                reboot
                0x00401070                mmap
                0x00401078                munmap
                0x00401080                sleep
                0x00401088                nanosleep
                0x00401090                beep
                0x00401098                vm86
                0x004010a0                putchar
                0x004010a8                getchar
                0x004010b0                recv
                0x004010b8                send
                0x004010c0                ioctl
                0x004010c8                time
                0x004010d0                getpriority
                0x004010d8                setpriority
                0x004010e0                DDAline
 .text          0x004010e8      0x13c vm86call.o
                0x004010e8                vm86call
 .text          0x00401224      0xb84 graphics.o
                0x004013fc                list_graphic_modes
                0x00401600                init_graphic
                0x00401944                exit_graphic
                0x00401970                setPixel
                0x00401c60                line
 .text          0x00401da8      0x4c0 main.o
                0x00401da8                __main
                0x00401df8                msleep
                0x00401e38                my_printf
                0x00401e88                control_Line
                0x00401f7c                control_Circle
                0x00402070                clean_screen
                0x004020a8                Fill_test
 .text          0x00402268     0x188c Line.o
                0x00402268                DDAline2
                0x00402388                Bresenham
                0x004024e8                Line_Midpoint
                0x0040263c                input_line
                0x00402844                Line_test3
                0x00402e54                Line_test2
                0x0040344c                Line_test1
 .text          0x00403af4      0xbf8 Circle.o
                0x00403af4                input_circle
                0x00403cf0                CirclePoints
                0x00403de8                Mid_Circle
                0x00403ea0                Bresenham_Circle
                0x00403f24                Circle_test1
                0x00404308                Circle_test2
 .text          0x004046ec       0x94 font_8x16.o
                0x004046ec                lcd_put_ascii
 .text          0x00404780      0xa4c ellipse.o
                0x00404780                ellipsePoints
                0x0040480c                Mid_ellipse
                0x00404a80                input_ellipse
                0x00404c88                ellipse_test1
 .text          0x004051cc      0x368 My_Edge.o
                0x004051cc                Scan_Line
 .text          0x00405534      0x5ec Fill.o
                0x00405534                change_DDAline
                0x00405650                init
                0x0040570c                getpixel
                0x00405728                FloodFill4
                0x0040572c                BoundaryFill4
                0x0040584c                input_Point
                0x00405a98                print_Point
 .text          0x00405b20      0xe24 cut_line.o
                0x00405b20                REinput_line
                0x00405d90                Input_Border
                0x00406008                encode
                0x00406064                init_CUT
                0x0040618c                CS_LineClip
                0x0040665c                control_CUT
                0x00406918                swap_border
                0x0040692c                IS_BIG
 .text          0x00406944       0x18 lib/sysconf.o
                0x00406944                sysconf
 .text          0x0040695c      0x1d0 lib/math.o
                0x0040695c                fabs
                0x00406970                floor
                0x004069b8                ceil
                0x00406a14                sin
                0x00406a1c                cos
                0x00406a24                sqrt
                0x00406a2c                log2
                0x00406a3c                atan2
                0x00406a4c                tan
                0x00406a58                cot
                0x00406a64                pow
                0x00406ad4                exp
                0x00406b18                log
 .text          0x00406b2c      0x18c lib/stdio.o
                0x00406b2c                printf
                0x00406b84                fprintf
                0x00406bdc                vprintf
                0x00406c34                vfprintf
                0x00406c48                vsprintf
                0x00406c74                sprintf
                0x00406ca0                fputc
 .text          0x00406cb8      0x658 lib/stdlib.o
                0x00406cb8                exit
                0x00406cc0                ldiv
                0x00406cdc                div
                0x00406cf8                rand_r
                0x00406d98                rand
                0x00406e54                srand
                0x00406e60                strtol
                0x00407080                strtoul
                0x004072ec                atol
 .text          0x00407310      0x840 lib/qsort.o
                0x00407310                qsort
 .text          0x00407b50      0x204 ../lib/softfloat.o
                0x00407b50                __udivmoddi4
                0x00407c08                __divdi3
                0x00407c70                __moddi3
                0x00407ce4                __udivdi3
                0x00407d18                __umoddi3
 .text          0x00407d54      0x2a0 ../lib/string.o
                0x00407d54                memcmp
                0x00407d7c                memmove
                0x00407dcc                memchr
                0x00407df4                strcat
                0x00407e18                strcmp
                0x00407e44                strncmp
                0x00407e90                strchr
                0x00407eb4                strrchr
                0x00407ed8                strstr
                0x00407f78                strcpy
                0x00407f98                strlen
                0x00407fb0                strncpy
 .text          0x00407ff4      0x530 ../lib/memcpy.o
                0x00407ff4                memcpy
 .text          0x00408524       0x9c ../lib/memset.o
                0x00408524                memset
 .text          0x004085c0      0x940 ../lib/snprintf.o
                0x00408810                vsnprintf
                0x00408ec8                snprintf
 .text          0x00408f00       0x90 lib/malloc.o
                0x00408f00                malloc
                0x00408f1c                calloc
                0x00408f2c                memalign
                0x00408f50                realloc
                0x00408f74                free
 .text          0x00408f90      0x9b4 ../lib/tlsf/tlsf.o
                0x0040930c                tlsf_check
                0x00409410                tlsf_walk_pool
                0x0040947c                tlsf_block_size
                0x00409490                tlsf_check_pool
                0x004094c8                tlsf_size
                0x004094d0                tlsf_align_size
                0x004094d8                tlsf_block_size_min
                0x004094e0                tlsf_block_size_max
                0x004094e8                tlsf_pool_overhead
                0x004094f0                tlsf_alloc_overhead
                0x004094f8                tlsf_add_pool
                0x00409548                tlsf_remove_pool
                0x00409590                tlsf_create
                0x004095dc                tlsf_create_with_pool
                0x00409658                tlsf_destroy
                0x0040965c                tlsf_get_pool
                0x00409668                tlsf_malloc
                0x00409694                tlsf_memalign
                0x00409774                tlsf_free
                0x004097e8                tlsf_realloc
 *(SORT(.text$*))
 *(.text.*)
 .text.startup  0x00409944       0x20 main.o
                0x00409944                main
 *(.gnu.linkonce.t.*)
 *(.glue_7t)
 *(.glue_7)
                0x00409964                ___CTOR_LIST__ = .
                0x00409964                __CTOR_LIST__ = .
                0x00409964        0x4 LONG 0xffffffff
 *(.ctors)
 *(.ctor)
 *(SORT(.ctors.*))
                0x00409968        0x4 LONG 0x0
                0x0040996c                ___DTOR_LIST__ = .
                0x0040996c                __DTOR_LIST__ = .
                0x0040996c        0x4 LONG 0xffffffff
 *(.dtors)
 *(.dtor)
 *(SORT(.dtors.*))
                0x00409970        0x4 LONG 0x0
 *(.fini)
 *(.gcc_exc)
                0x00409974                PROVIDE (etext, .)
 *(.gcc_except_table)

.data           0x0040a000      0x200
                0x0040a000                __data_start__ = .
 *(.data)
 .data          0x0040a000        0x0 lib/crt0.o
 .data          0x0040a000        0x0 lib/setjmp.o
 .data          0x0040a000        0x0 lib/syscall-wrapper.o
 .data          0x0040a000        0x0 vm86call.o
 .data          0x0040a000        0x4 graphics.o
 .data          0x0040a004        0x4 main.o
                0x0040a004                stack_size
 .data          0x0040a008        0x0 Line.o
 .data          0x0040a008        0x0 Circle.o
 .data          0x0040a008        0x0 font_8x16.o
 .data          0x0040a008        0x0 ellipse.o
 *fill*         0x0040a008       0x18 
 .data          0x0040a020       0x40 My_Edge.o
                0x0040a020                point_array
 .data          0x0040a060        0x0 Fill.o
 .data          0x0040a060        0x0 cut_line.o
 .data          0x0040a060        0x0 lib/sysconf.o
 .data          0x0040a060        0x0 lib/math.o
 .data          0x0040a060        0x0 lib/stdio.o
 .data          0x0040a060        0x4 lib/stdlib.o
 .data          0x0040a064        0x0 lib/qsort.o
 .data          0x0040a064        0x0 ../lib/softfloat.o
 .data          0x0040a064        0x0 ../lib/string.o
 .data          0x0040a064        0x0 ../lib/memcpy.o
 .data          0x0040a064        0x0 ../lib/memset.o
 .data          0x0040a064        0x0 ../lib/snprintf.o
 .data          0x0040a064        0x0 lib/malloc.o
 .data          0x0040a064        0x0 ../lib/tlsf/tlsf.o
 *(.data2)
 *(SORT(.data$*))
 *(.jcr)
                0x0040a064                __data_end__ = .
 *(.data_cygwin_nocopy)

.rdata          0x0040b000     0x1600
 *(.rdata)
 .rdata         0x0040b000       0x2c vm86call.o
 .rdata         0x0040b02c      0x260 graphics.o
 .rdata         0x0040b28c       0xf0 main.o
 .rdata         0x0040b37c        0xc Line.o
 .rdata         0x0040b388        0x4 Circle.o
 *fill*         0x0040b38c       0x14 
 .rdata         0x0040b3a0     0x1000 font_8x16.o
 .rdata         0x0040c3a0        0x8 ellipse.o
 .rdata         0x0040c3a8       0x20 Fill.o
 .rdata         0x0040c3c8       0x14 cut_line.o
 *fill*         0x0040c3dc        0x4 
 .rdata         0x0040c3e0        0x8 lib/math.o
 .rdata         0x0040c3e8       0x20 ../lib/memcpy.o
 .rdata         0x0040c408      0x1dc ../lib/snprintf.o
 *(SORT(.rdata$*))
                0x0040c5e4                __rt_psrelocs_start = .
 *(.rdata_runtime_pseudo_reloc)
                0x0040c5e4                __rt_psrelocs_end = .
                0x00000000                __rt_psrelocs_size = (__rt_psrelocs_end - __rt_psrelocs_start)
                0x0040c5e4                ___RUNTIME_PSEUDO_RELOC_LIST_END__ = .
                0x0040c5e4                __RUNTIME_PSEUDO_RELOC_LIST_END__ = .
                0x0040c5e4                ___RUNTIME_PSEUDO_RELOC_LIST__ = (. - __rt_psrelocs_size)
                0x0040c5e4                __RUNTIME_PSEUDO_RELOC_LIST__ = (. - __rt_psrelocs_size)

.eh_frame       0x0040d000     0x1c00
 *(.eh_frame*)
 .eh_frame      0x0040d000       0x70 vm86call.o
 .eh_frame      0x0040d070      0x1d4 graphics.o
 .eh_frame      0x0040d244      0x148 main.o
 .eh_frame      0x0040d38c      0x200 Line.o
 .eh_frame      0x0040d58c      0x180 Circle.o
 .eh_frame      0x0040d70c       0x54 font_8x16.o
 .eh_frame      0x0040d760      0x12c ellipse.o
 .eh_frame      0x0040d88c       0x5c My_Edge.o
 .eh_frame      0x0040d8e8      0x158 Fill.o
 .eh_frame      0x0040da40      0x164 cut_line.o
 .eh_frame      0x0040dba4       0x2c lib/sysconf.o
 .eh_frame      0x0040dbd0      0x150 lib/math.o
 .eh_frame      0x0040dd20      0x118 lib/stdio.o
 .eh_frame      0x0040de38      0x190 lib/stdlib.o
 .eh_frame      0x0040dfc8       0x70 lib/qsort.o
 .eh_frame      0x0040e038      0x108 ../lib/softfloat.o
 .eh_frame      0x0040e140      0x1f8 ../lib/string.o
 .eh_frame      0x0040e338       0x70 ../lib/memcpy.o
 .eh_frame      0x0040e3a8       0x64 ../lib/memset.o
 .eh_frame      0x0040e40c       0xb8 ../lib/snprintf.o
 .eh_frame      0x0040e4c4       0x8c lib/malloc.o
 .eh_frame      0x0040e550      0x4f4 ../lib/tlsf/tlsf.o

.pdata
 *(.pdata)

.bss            0x0040f000   0x1dce88
                0x0040f000                __bss_start__ = .
 *(.bss)
 .bss           0x0040f000        0x0 lib/crt0.o
 .bss           0x0040f000        0x0 lib/setjmp.o
 .bss           0x0040f000        0x0 lib/syscall-wrapper.o
 .bss           0x0040f000        0x0 vm86call.o
 .bss           0x0040f000      0x340 graphics.o
                0x0040f000                g_graphic_dev
 .bss           0x0040f340       0x10 main.o
                0x0040f340                number
                0x0040f348                my_control
 .bss           0x0040f350        0x0 Line.o
 .bss           0x0040f350        0x0 Circle.o
 .bss           0x0040f350        0x0 font_8x16.o
 .bss           0x0040f350        0x0 ellipse.o
 .bss           0x0040f350        0x0 My_Edge.o
 *fill*         0x0040f350       0x10 
 .bss           0x0040f360       0x60 Fill.o
                0x0040f360                count
 .bss           0x0040f3c0        0x0 cut_line.o
 .bss           0x0040f3c0        0x0 lib/sysconf.o
 .bss           0x0040f3c0        0x0 lib/math.o
 .bss           0x0040f3c0        0x0 lib/stdio.o
 .bss           0x0040f3c0        0x0 lib/stdlib.o
 .bss           0x0040f3c0        0x0 lib/qsort.o
 .bss           0x0040f3c0        0x0 ../lib/softfloat.o
 .bss           0x0040f3c0        0x0 ../lib/string.o
 .bss           0x0040f3c0        0x0 ../lib/memcpy.o
 .bss           0x0040f3c0        0x0 ../lib/memset.o
 .bss           0x0040f3c0        0x0 ../lib/snprintf.o
 .bss           0x0040f3c0        0x0 lib/malloc.o
 .bss           0x0040f3c0        0x0 ../lib/tlsf/tlsf.o
 *(COMMON)
 COMMON         0x0040f3c0       0x30 main.o
                0x0040f3c0                ellipse_xx0
                0x0040f3c4                xx1
                0x0040f3c8                yy1
                0x0040f3cc                cir_r
                0x0040f3d0                ellipse_b
                0x0040f3d4                xx0
                0x0040f3d8                yy0
                0x0040f3dc                cir_yy0
                0x0040f3e0                stack_foo
                0x0040f3e4                ellipse_yy0
                0x0040f3e8                cir_xx0
                0x0040f3ec                ellipse_a
 *fill*         0x0040f3f0       0x10 
 COMMON         0x0040f400      0xfc0 My_Edge.o
                0x0040f400                AET
                0x0040f420                NET
 COMMON         0x004103c0   0x1dbaa4 Fill.o
                0x004103c0                array_length0
                0x004103e0                point_array1
                0x00410480                array1_length
                0x004104a0                graph1
 COMMON         0x005ebe64       0x20 cut_line.o
                0x005ebe64                Line_y02
                0x005ebe68                XR
                0x005ebe6c                Line_x01
                0x005ebe70                Line_x02
                0x005ebe74                YT
                0x005ebe78                Line_y01
                0x005ebe7c                XL
                0x005ebe80                YB
 COMMON         0x005ebe84        0x4 lib/malloc.o
                0x005ebe84                g_heap
                0x005ebe88                __bss_end__ = .

.edata
 *(.edata)

/DISCARD/
 *(.debug$S)
 *(.debug$T)
 *(.debug$F)
 *(.drectve)
 *(.note.GNU-stack)
 *(.gnu.lto_*)

.idata          0x005ec000      0x200
 SORT(*)(.idata$2)
 SORT(*)(.idata$3)
                0x005ec000        0x4 LONG 0x0
                0x005ec004        0x4 LONG 0x0
                0x005ec008        0x4 LONG 0x0
                0x005ec00c        0x4 LONG 0x0
                0x005ec010        0x4 LONG 0x0
 SORT(*)(.idata$4)
                0x005ec014                __IAT_start__ = .
 SORT(*)(.idata$5)
                0x005ec014                __IAT_end__ = .
 SORT(*)(.idata$6)
 SORT(*)(.idata$7)

.CRT            0x005ed000        0x0
                0x005ed000                ___crt_xc_start__ = .
 *(SORT(.CRT$XC*))
                0x005ed000                ___crt_xc_end__ = .
                0x005ed000                ___crt_xi_start__ = .
 *(SORT(.CRT$XI*))
                0x005ed000                ___crt_xi_end__ = .
                0x005ed000                ___crt_xl_start__ = .
 *(SORT(.CRT$XL*))
                0x005ed000                ___crt_xp_start__ = .
 *(SORT(.CRT$XP*))
                0x005ed000                ___crt_xp_end__ = .
                0x005ed000                ___crt_xt_start__ = .
 *(SORT(.CRT$XT*))
                0x005ed000                ___crt_xt_end__ = .

.tls            0x005ed000        0x0
                0x005ed000                ___tls_start__ = .
 *(.tls)
 *(.tls$)
 *(SORT(.tls$*))
                0x005ed000                ___tls_end__ = .

.endjunk        0x005ed000        0x0
                0x005ed000                PROVIDE (end, .)
                0x005ed000                PROVIDE (_end, .)
                0x005ed000                __end__ = .

.rsrc
 *(.rsrc)
 *(SORT(.rsrc$*))

.reloc
 *(.reloc)

.stab
 *(.stab)

.stabstr
 *(.stabstr)

.debug_aranges  0x005ed000      0x400
 *(.debug_aranges)
 .debug_aranges
                0x005ed000       0x20 vm86call.o
 .debug_aranges
                0x005ed020       0x20 graphics.o
 .debug_aranges
                0x005ed040       0x28 main.o
 .debug_aranges
                0x005ed068       0x20 Line.o
 .debug_aranges
                0x005ed088       0x20 Circle.o
 .debug_aranges
                0x005ed0a8       0x20 font_8x16.o
 .debug_aranges
                0x005ed0c8       0x20 ellipse.o
 .debug_aranges
                0x005ed0e8       0x20 My_Edge.o
 .debug_aranges
                0x005ed108       0x20 Fill.o
 .debug_aranges
                0x005ed128       0x20 cut_line.o
 .debug_aranges
                0x005ed148       0x20 lib/sysconf.o
 .debug_aranges
                0x005ed168       0x20 lib/math.o
 .debug_aranges
                0x005ed188       0x20 lib/stdio.o
 .debug_aranges
                0x005ed1a8       0x20 lib/stdlib.o
 .debug_aranges
                0x005ed1c8       0x20 lib/qsort.o
 .debug_aranges
                0x005ed1e8       0x20 ../lib/softfloat.o
 .debug_aranges
                0x005ed208       0x20 ../lib/string.o
 .debug_aranges
                0x005ed228       0x20 ../lib/memcpy.o
 .debug_aranges
                0x005ed248       0x20 ../lib/memset.o
 .debug_aranges
                0x005ed268       0x20 ../lib/snprintf.o
 .debug_aranges
                0x005ed288       0x20 lib/malloc.o
 .debug_aranges
                0x005ed2a8       0x20 ../lib/tlsf/tlsf.o

.debug_pubnames
 *(.debug_pubnames)

.debug_pubtypes
 *(.debug_pubtypes)

.debug_info     0x005ee000     0xb800
 *(.debug_info .gnu.linkonce.wi.*)
 .debug_info    0x005ee000      0x34c vm86call.o
 .debug_info    0x005ee34c     0x12bf graphics.o
 .debug_info    0x005ef60b      0xcc9 main.o
 .debug_info    0x005f02d4      0xb93 Line.o
 .debug_info    0x005f0e67      0x74b Circle.o
 .debug_info    0x005f15b2      0x22f font_8x16.o
 .debug_info    0x005f17e1      0x63c ellipse.o
 .debug_info    0x005f1e1d      0x3d6 My_Edge.o
 .debug_info    0x005f21f3      0x7b5 Fill.o
 .debug_info    0x005f29a8      0x8ce cut_line.o
 .debug_info    0x005f3276       0x89 lib/sysconf.o
 .debug_info    0x005f32ff      0x3c7 lib/math.o
 .debug_info    0x005f36c6      0x54b lib/stdio.o
 .debug_info    0x005f3c11      0x6f0 lib/stdlib.o
 .debug_info    0x005f4301      0xe01 lib/qsort.o
 .debug_info    0x005f5102      0x353 ../lib/softfloat.o
 .debug_info    0x005f5455      0x59b ../lib/string.o
 .debug_info    0x005f59f0      0x2ce ../lib/memcpy.o
 .debug_info    0x005f5cbe      0x188 ../lib/memset.o
 .debug_info    0x005f5e46      0x9ad ../lib/snprintf.o
 .debug_info    0x005f67f3      0x2e4 lib/malloc.o
 .debug_info    0x005f6ad7     0x2c75 ../lib/tlsf/tlsf.o

.debug_abbrev   0x005fa000     0x2600
 *(.debug_abbrev)
 .debug_abbrev  0x005fa000      0x102 vm86call.o
 .debug_abbrev  0x005fa102      0x319 graphics.o
 .debug_abbrev  0x005fa41b      0x22e main.o
 .debug_abbrev  0x005fa649      0x1db Line.o
 .debug_abbrev  0x005fa824      0x1ab Circle.o
 .debug_abbrev  0x005fa9cf       0xd1 font_8x16.o
 .debug_abbrev  0x005faaa0      0x19c ellipse.o
 .debug_abbrev  0x005fac3c       0xde My_Edge.o
 .debug_abbrev  0x005fad1a      0x21c Fill.o
 .debug_abbrev  0x005faf36      0x288 cut_line.o
 .debug_abbrev  0x005fb1be       0x4a lib/sysconf.o
 .debug_abbrev  0x005fb208      0x10b lib/math.o
 .debug_abbrev  0x005fb313      0x169 lib/stdio.o
 .debug_abbrev  0x005fb47c      0x219 lib/stdlib.o
 .debug_abbrev  0x005fb695      0x1c1 lib/qsort.o
 .debug_abbrev  0x005fb856      0x131 ../lib/softfloat.o
 .debug_abbrev  0x005fb987      0x17d ../lib/string.o
 .debug_abbrev  0x005fbb04       0xab ../lib/memcpy.o
 .debug_abbrev  0x005fbbaf       0x85 ../lib/memset.o
 .debug_abbrev  0x005fbc34      0x226 ../lib/snprintf.o
 .debug_abbrev  0x005fbe5a      0x106 lib/malloc.o
 .debug_abbrev  0x005fbf60      0x4b6 ../lib/tlsf/tlsf.o

.debug_line     0x005fd000     0x2400
 *(.debug_line)
 .debug_line    0x005fd000       0xa3 vm86call.o
 .debug_line    0x005fd0a3      0x2c1 graphics.o
 .debug_line    0x005fd364      0x18f main.o
 .debug_line    0x005fd4f3      0x2fb Line.o
 .debug_line    0x005fd7ee      0x1db Circle.o
 .debug_line    0x005fd9c9       0x7f font_8x16.o
 .debug_line    0x005fda48      0x19a ellipse.o
 .debug_line    0x005fdbe2      0x178 My_Edge.o
 .debug_line    0x005fdd5a      0x1dd Fill.o
 .debug_line    0x005fdf37      0x24b cut_line.o
 .debug_line    0x005fe182       0x3d lib/sysconf.o
 .debug_line    0x005fe1bf       0x8b lib/math.o
 .debug_line    0x005fe24a       0xd7 lib/stdio.o
 .debug_line    0x005fe321      0x210 lib/stdlib.o
 .debug_line    0x005fe531      0x229 lib/qsort.o
 .debug_line    0x005fe75a       0xaa ../lib/softfloat.o
 .debug_line    0x005fe804      0x120 ../lib/string.o
 .debug_line    0x005fe924      0x165 ../lib/memcpy.o
 .debug_line    0x005fea89       0xbf ../lib/memset.o
 .debug_line    0x005feb48      0x296 ../lib/snprintf.o
 .debug_line    0x005fedde       0x86 lib/malloc.o
 .debug_line    0x005fee64      0x454 ../lib/tlsf/tlsf.o

.debug_frame
 *(.debug_frame*)

.debug_str      0x00600000      0x200
 *(.debug_str)
 .debug_str     0x00600000       0x5a graphics.o
 .debug_str     0x0060005a       0x12 main.o
 .debug_str     0x0060006c        0xb Line.o
 .debug_str     0x00600077        0xe Circle.o
 .debug_str     0x00600085        0x9 Fill.o
 .debug_str     0x0060008e        0x5 lib/stdio.o
 .debug_str     0x00600093        0x9 lib/qsort.o
 .debug_str     0x0060009c       0x17 ../lib/memcpy.o
 .debug_str     0x006000b3       0x16 ../lib/snprintf.o
 .debug_str     0x006000c9        0x6 lib/malloc.o
 .debug_str     0x006000cf       0x6e ../lib/tlsf/tlsf.o

.debug_loc      0x00601000     0xb000
 *(.debug_loc)
 .debug_loc     0x00601000      0x230 vm86call.o
 .debug_loc     0x00601230      0xa06 graphics.o
 .debug_loc     0x00601c36      0x2e2 main.o
 .debug_loc     0x00601f18      0xaef Line.o
 .debug_loc     0x00602a07      0x50f Circle.o
 .debug_loc     0x00602f16      0x11a font_8x16.o
 .debug_loc     0x00603030      0x386 ellipse.o
 .debug_loc     0x006033b6       0x9a My_Edge.o
 .debug_loc     0x00603450      0x5d6 Fill.o
 .debug_loc     0x00603a26      0x7d0 cut_line.o
 .debug_loc     0x006041f6      0x274 lib/math.o
 .debug_loc     0x0060446a      0x338 lib/stdio.o
 .debug_loc     0x006047a2      0xd4d lib/stdlib.o
 .debug_loc     0x006054ef     0x16cc lib/qsort.o
 .debug_loc     0x00606bbb      0x514 ../lib/softfloat.o
 .debug_loc     0x006070cf      0x9e4 ../lib/string.o
 .debug_loc     0x00607ab3      0x979 ../lib/memcpy.o
 .debug_loc     0x0060842c      0x23e ../lib/memset.o
 .debug_loc     0x0060866a     0x1562 ../lib/snprintf.o
 .debug_loc     0x00609bcc       0xb0 lib/malloc.o
 .debug_loc     0x00609c7c     0x21b5 ../lib/tlsf/tlsf.o

.debug_macinfo
 *(.debug_macinfo)

.debug_weaknames
 *(.debug_weaknames)

.debug_funcnames
 *(.debug_funcnames)

.debug_typenames
 *(.debug_typenames)

.debug_varnames
 *(.debug_varnames)

.debug_macro
 *(.debug_macro)

.debug_ranges   0x0060c000      0xc00
 *(.debug_ranges)
 .debug_ranges  0x0060c000       0xd8 graphics.o
 .debug_ranges  0x0060c0d8       0x90 main.o
 .debug_ranges  0x0060c168       0xe8 Line.o
 .debug_ranges  0x0060c250       0x78 Circle.o
 .debug_ranges  0x0060c2c8       0x68 ellipse.o
 .debug_ranges  0x0060c330       0x30 My_Edge.o
 .debug_ranges  0x0060c360       0x48 Fill.o
 .debug_ranges  0x0060c3a8      0x108 cut_line.o
 .debug_ranges  0x0060c4b0       0xb0 lib/stdlib.o
 .debug_ranges  0x0060c560      0x298 lib/qsort.o
 .debug_ranges  0x0060c7f8       0x30 ../lib/softfloat.o
 .debug_ranges  0x0060c828       0x40 ../lib/string.o
 .debug_ranges  0x0060c868       0x48 ../lib/memcpy.o
 .debug_ranges  0x0060c8b0       0xa0 ../lib/snprintf.o
 .debug_ranges  0x0060c950      0x1d8 ../lib/tlsf/tlsf.o

.debug_types
 *(.debug_types .gnu.linkonce.wt.*)
OUTPUT(a.out pei-i386)
